---
source: onboard-you-backend/lambdas/api/src/engine/validation_engine.rs
expression: output
---
{
  "steps": [
    {
      "action_id": "ingest",
      "action_type": "generic_ingestion_connector",
      "columns_after": [
        "a",
        "b"
      ]
    },
    {
      "action_id": "dispatch",
      "action_type": "api_dispatcher",
      "columns_after": [
        "a",
        "b"
      ]
    }
  ],
  "final_columns": [
    "a",
    "b"
  ]
}
